
  .   ____          _            __ _ _
 /\\ / ___'_ __ _ _(_)_ __  __ _ \ \ \ \
( ( )\___ | '_ | '_| | '_ \/ _` | \ \ \ \
 \\/  ___)| |_)| | | | | || (_| |  ) ) ) )
  '  |____| .__|_| |_|_| |_\__, | / / / /
 =========|_|==============|___/=/_/_/_/

 :: Spring Boot ::                (v4.1.1)

2026-09-15T14:15:32.017+06:00  INFO 36634 --- [shcms.app] [           main] cuet.shcms.app.Application               : Starting Application v0.0.1-SNAPSHOT using Java 25.0.3 with PID 36634 (/run/media/master/New Volume/Development/CUET-SHCMS/shcms-backend/target/shcms.app-0.0.1-SNAPSHOT.jar started by master in /run/media/master/New Volume/Development/CUET-SHCMS/shcms-backend)
2026-09-15T14:15:32.022+06:00 DEBUG 36634 --- [shcms.app] [           main] cuet.shcms.app.Application               : Running with Spring Boot v4.1.1, Spring v7.0.9
2026-09-15T14:15:32.023+06:00  INFO 36634 --- [shcms.app] [           main] cuet.shcms.app.Application               : No active profile set, falling back to 1 default profile: "default"
2026-09-15T14:15:33.275+06:00  INFO 36634 --- [shcms.app] [           main] .s.d.r.c.RepositoryConfigurationDelegate : Bootstrapping Spring Data JPA repositories in DEFAULT mode.
2026-09-15T14:15:33.348+06:00  INFO 36634 --- [shcms.app] [           main] .s.d.r.c.RepositoryConfigurationDelegate : Finished Spring Data repository scanning in 61 ms. Found 3 JPA repository interfaces.
2026-09-15T14:15:34.151+06:00  INFO 36634 --- [shcms.app] [           main] o.s.boot.tomcat.TomcatWebServer          : Tomcat initialized with port 8080 (http)
2026-09-15T14:15:34.173+06:00  INFO 36634 --- [shcms.app] [           main] o.apache.catalina.core.StandardService   : Starting service [Tomcat]
2026-09-15T14:15:34.174+06:00  INFO 36634 --- [shcms.app] [           main] o.apache.catalina.core.StandardEngine    : Starting Servlet engine: [Apache Tomcat/11.0.24]
2026-09-15T14:15:34.211+06:00  INFO 36634 --- [shcms.app] [           main] b.w.c.s.WebApplicationContextInitializer : Root WebApplicationContext: initialization completed in 2051 ms
2026-09-15T14:15:34.428+06:00  INFO 36634 --- [shcms.app] [           main] org.hibernate.orm.jpa                    : HHH008540: Processing PersistenceUnitInfo [name: default]
2026-09-15T14:15:34.501+06:00  INFO 36634 --- [shcms.app] [           main] org.hibernate.orm.core                   : HHH000001: Hibernate ORM core version 7.4.5.Final
2026-09-15T14:15:35.143+06:00  INFO 36634 --- [shcms.app] [           main] o.s.o.j.p.SpringPersistenceUnitInfo      : No LoadTimeWeaver setup: ignoring JPA class transformer
2026-09-15T14:15:35.175+06:00  INFO 36634 --- [shcms.app] [           main] com.zaxxer.hikari.HikariDataSource       : HikariPool-1 - Starting...
2026-09-15T14:15:36.278+06:00  INFO 36634 --- [shcms.app] [           main] com.zaxxer.hikari.pool.HikariPool        : HikariPool-1 - Added connection org.postgresql.jdbc.PgConnection@70bc3a9c
2026-09-15T14:15:36.280+06:00  INFO 36634 --- [shcms.app] [           main] com.zaxxer.hikari.HikariDataSource       : HikariPool-1 - Start completed.
2026-09-15T14:15:36.368+06:00  WARN 36634 --- [shcms.app] [           main] org.hibernate.orm.deprecation            : HHH90000025: PostgreSQLDialect does not need to be specified explicitly using 'hibernate.dialect' (remove the property setting and it will be selected by default)
2026-09-15T14:15:36.657+06:00  INFO 36634 --- [shcms.app] [           main] org.hibernate.orm.connections.pooling    : HHH10001005: Database info:
	Database JDBC URL [jdbc:postgresql://ep-tiny-field-b3htjfr2-pooler.c-4.ap-southeast-1.aws.neon.tech/neondb?sslmode=require]
	Database driver: PostgreSQL JDBC Driver
	Database dialect: PostgreSQLDialect
	Database version: 18.6
	Default catalog/schema: neondb/public
	Autocommit mode: undefined/unknown
	Isolation level: READ_COMMITTED [default READ_COMMITTED]
	JDBC fetch size: none
	Pool: DataSourceConnectionProvider
	Minimum pool size: undefined/unknown
	Maximum pool size: undefined/unknown
2026-09-15T14:15:38.030+06:00  INFO 36634 --- [shcms.app] [           main] org.hibernate.orm.core                   : HHH000489: No JTA platform available (set 'hibernate.transaction.jta.platform' to enable JTA platform integration)
2026-09-15T14:15:38.648+06:00  INFO 36634 --- [shcms.app] [           main] j.LocalContainerEntityManagerFactoryBean : Initialized JPA EntityManagerFactory for persistence unit 'default'
2026-09-15T14:15:38.711+06:00  INFO 36634 --- [shcms.app] [           main] o.s.d.j.r.query.QueryEnhancerFactories   : Hibernate is in classpath; If applicable, HQL parser will be used.
2026-09-15T14:15:38.921+06:00 DEBUG 36634 --- [shcms.app] [           main] c.s.a.security.JwtAuthenticationFilter   : Filter 'jwtAuthenticationFilter' configured for use
2026-09-15T14:15:39.617+06:00  WARN 36634 --- [shcms.app] [           main] JpaBaseConfiguration$JpaWebConfiguration : spring.jpa.open-in-view is enabled by default. Therefore, database queries may be performed during view rendering. Explicitly configure spring.jpa.open-in-view to disable this warning
2026-09-15T14:15:39.716+06:00  WARN 36634 --- [shcms.app] [           main] .s.a.UserDetailsServiceAutoConfiguration : 

Using generated security password: 6522054e-af86-4ce5-88d6-d1d14744dc79

This generated password is for development use only. Your security configuration must be updated before running your application in production.

2026-09-15T14:15:39.726+06:00  INFO 36634 --- [shcms.app] [           main] r$InitializeUserDetailsManagerConfigurer : Global AuthenticationManager configured with UserDetailsService bean with name inMemoryUserDetailsManager
2026-09-15T14:15:40.339+06:00  INFO 36634 --- [shcms.app] [           main] o.s.boot.tomcat.TomcatWebServer          : Tomcat started on port 8080 (http) with context path '/api'
2026-09-15T14:15:40.353+06:00  INFO 36634 --- [shcms.app] [           main] cuet.shcms.app.Application               : Started Application in 9.05 seconds (process running for 9.726)
2026-09-15T14:15:40.508+06:00 DEBUG 36634 --- [shcms.app] [           main] org.hibernate.SQL                        : 
    select
        count(*) 
    from
        users u1_0
Hibernate: 
    select
        count(*) 
    from
        users u1_0
2026-09-15T14:15:40.643+06:00 DEBUG 36634 --- [shcms.app] [           main] org.hibernate.SQL                        : 
    select
        count(*) 
    from
        complaints c1_0
Hibernate: 
    select
        count(*) 
    from
        complaints c1_0
2026-09-15T14:15:42.678+06:00  INFO 36634 --- [shcms.app] [nio-8080-exec-1] o.a.c.c.C.[Tomcat].[localhost].[/api]    : Initializing Spring DispatcherServlet 'dispatcherServlet'
2026-09-15T14:15:42.679+06:00  INFO 36634 --- [shcms.app] [nio-8080-exec-1] o.s.web.servlet.DispatcherServlet        : Initializing Servlet 'dispatcherServlet'
2026-09-15T14:15:42.680+06:00  INFO 36634 --- [shcms.app] [nio-8080-exec-1] o.s.web.servlet.DispatcherServlet        : Completed initialization in 1 ms
